// Jest Snapshot v1, https://goo.gl/fbAQLP

exports[`generateLinkedList should generate linked list from values 2 1`] = `
{
  "next": {
    "next": {
      "next": {
        "next": {
          "next": null,
          "value": null,
        },
        "value": {
          "fourthElement": 4,
        },
      },
      "value": null,
    },
    "value": 2,
  },
  "value": "element-one",
}
`;
